Archive member included to satisfy reference by file (symbol)

C:/programms/Tools/xpack-arm-none-eabi-gcc-13.2.1-1.1/bin/../lib/gcc/arm-none-eabi/13.2.1/../../../../arm-none-eabi/lib/thumb/v7e-m+fp/hard\libc_nano.a(libc_a-atexit.o)
                              C:/programms/Tools/xpack-arm-none-eabi-gcc-13.2.1-1.1/bin/../lib/gcc/arm-none-eabi/13.2.1/../../../../arm-none-eabi/lib/thumb/v7e-m+fp/hard/crt0.o (atexit)
C:/programms/Tools/xpack-arm-none-eabi-gcc-13.2.1-1.1/bin/../lib/gcc/arm-none-eabi/13.2.1/../../../../arm-none-eabi/lib/thumb/v7e-m+fp/hard\libc_nano.a(libc_a-exit.o)
                              C:/programms/Tools/xpack-arm-none-eabi-gcc-13.2.1-1.1/bin/../lib/gcc/arm-none-eabi/13.2.1/../../../../arm-none-eabi/lib/thumb/v7e-m+fp/hard/crt0.o (exit)
C:/programms/Tools/xpack-arm-none-eabi-gcc-13.2.1-1.1/bin/../lib/gcc/arm-none-eabi/13.2.1/../../../../arm-none-eabi/lib/thumb/v7e-m+fp/hard\libc_nano.a(libc_a-findfp.o)
                              C:/programms/Tools/xpack-arm-none-eabi-gcc-13.2.1-1.1/bin/../lib/gcc/arm-none-eabi/13.2.1/../../../../arm-none-eabi/lib/thumb/v7e-m+fp/hard\libc_nano.a(libc_a-exit.o) (__stdio_exit_handler)
C:/programms/Tools/xpack-arm-none-eabi-gcc-13.2.1-1.1/bin/../lib/gcc/arm-none-eabi/13.2.1/../../../../arm-none-eabi/lib/thumb/v7e-m+fp/hard\libc_nano.a(libc_a-fwalk.o)
                              C:/programms/Tools/xpack-arm-none-eabi-gcc-13.2.1-1.1/bin/../lib/gcc/arm-none-eabi/13.2.1/../../../../arm-none-eabi/lib/thumb/v7e-m+fp/hard\libc_nano.a(libc_a-findfp.o) (_fwalk_sglue)
C:/programms/Tools/xpack-arm-none-eabi-gcc-13.2.1-1.1/bin/../lib/gcc/arm-none-eabi/13.2.1/../../../../arm-none-eabi/lib/thumb/v7e-m+fp/hard\libc_nano.a(libc_a-stdio.o)
                              C:/programms/Tools/xpack-arm-none-eabi-gcc-13.2.1-1.1/bin/../lib/gcc/arm-none-eabi/13.2.1/../../../../arm-none-eabi/lib/thumb/v7e-m+fp/hard\libc_nano.a(libc_a-findfp.o) (__sread)
C:/programms/Tools/xpack-arm-none-eabi-gcc-13.2.1-1.1/bin/../lib/gcc/arm-none-eabi/13.2.1/../../../../arm-none-eabi/lib/thumb/v7e-m+fp/hard\libc_nano.a(libc_a-memset.o)
                              C:/programms/Tools/xpack-arm-none-eabi-gcc-13.2.1-1.1/bin/../lib/gcc/arm-none-eabi/13.2.1/../../../../arm-none-eabi/lib/thumb/v7e-m+fp/hard/crt0.o (memset)
C:/programms/Tools/xpack-arm-none-eabi-gcc-13.2.1-1.1/bin/../lib/gcc/arm-none-eabi/13.2.1/../../../../arm-none-eabi/lib/thumb/v7e-m+fp/hard\libc_nano.a(libc_a-closer.o)
                              C:/programms/Tools/xpack-arm-none-eabi-gcc-13.2.1-1.1/bin/../lib/gcc/arm-none-eabi/13.2.1/../../../../arm-none-eabi/lib/thumb/v7e-m+fp/hard\libc_nano.a(libc_a-stdio.o) (_close_r)
C:/programms/Tools/xpack-arm-none-eabi-gcc-13.2.1-1.1/bin/../lib/gcc/arm-none-eabi/13.2.1/../../../../arm-none-eabi/lib/thumb/v7e-m+fp/hard\libc_nano.a(libc_a-reent.o)
                              C:/programms/Tools/xpack-arm-none-eabi-gcc-13.2.1-1.1/bin/../lib/gcc/arm-none-eabi/13.2.1/../../../../arm-none-eabi/lib/thumb/v7e-m+fp/hard\libc_nano.a(libc_a-closer.o) (errno)
C:/programms/Tools/xpack-arm-none-eabi-gcc-13.2.1-1.1/bin/../lib/gcc/arm-none-eabi/13.2.1/../../../../arm-none-eabi/lib/thumb/v7e-m+fp/hard\libc_nano.a(libc_a-impure.o)
                              C:/programms/Tools/xpack-arm-none-eabi-gcc-13.2.1-1.1/bin/../lib/gcc/arm-none-eabi/13.2.1/../../../../arm-none-eabi/lib/thumb/v7e-m+fp/hard\libc_nano.a(libc_a-reent.o) (_impure_ptr)
C:/programms/Tools/xpack-arm-none-eabi-gcc-13.2.1-1.1/bin/../lib/gcc/arm-none-eabi/13.2.1/../../../../arm-none-eabi/lib/thumb/v7e-m+fp/hard\libc_nano.a(libc_a-lseekr.o)
                              C:/programms/Tools/xpack-arm-none-eabi-gcc-13.2.1-1.1/bin/../lib/gcc/arm-none-eabi/13.2.1/../../../../arm-none-eabi/lib/thumb/v7e-m+fp/hard\libc_nano.a(libc_a-stdio.o) (_lseek_r)
C:/programms/Tools/xpack-arm-none-eabi-gcc-13.2.1-1.1/bin/../lib/gcc/arm-none-eabi/13.2.1/../../../../arm-none-eabi/lib/thumb/v7e-m+fp/hard\libc_nano.a(libc_a-readr.o)
                              C:/programms/Tools/xpack-arm-none-eabi-gcc-13.2.1-1.1/bin/../lib/gcc/arm-none-eabi/13.2.1/../../../../arm-none-eabi/lib/thumb/v7e-m+fp/hard\libc_nano.a(libc_a-stdio.o) (_read_r)
C:/programms/Tools/xpack-arm-none-eabi-gcc-13.2.1-1.1/bin/../lib/gcc/arm-none-eabi/13.2.1/../../../../arm-none-eabi/lib/thumb/v7e-m+fp/hard\libc_nano.a(libc_a-writer.o)
                              C:/programms/Tools/xpack-arm-none-eabi-gcc-13.2.1-1.1/bin/../lib/gcc/arm-none-eabi/13.2.1/../../../../arm-none-eabi/lib/thumb/v7e-m+fp/hard\libc_nano.a(libc_a-stdio.o) (_write_r)
C:/programms/Tools/xpack-arm-none-eabi-gcc-13.2.1-1.1/bin/../lib/gcc/arm-none-eabi/13.2.1/../../../../arm-none-eabi/lib/thumb/v7e-m+fp/hard\libc_nano.a(libc_a-errno.o)
                              build_F429ZI/syscalls.o (__errno)
C:/programms/Tools/xpack-arm-none-eabi-gcc-13.2.1-1.1/bin/../lib/gcc/arm-none-eabi/13.2.1/../../../../arm-none-eabi/lib/thumb/v7e-m+fp/hard\libc_nano.a(libc_a-init.o)
[...]
Memory Configuration

Name             Origin             Length             Attributes
RAM              0x20000000         0x00030000         xrw
CCMRAM           0x10000000         0x00010000         xrw
FLASH            0x08000000         0x00200000         xr
*default*        0x00000000         0xffffffff

Linker script and memory map

LOAD C:/programms/Tools/xpack-arm-none-eabi-gcc-13.2.1-1.1/bin/../lib/gcc/arm-none-eabi/13.2.1/thumb/v7e-m+fp/hard/crti.o
LOAD C:/programms/Tools/xpack-arm-none-eabi-gcc-13.2.1-1.1/bin/../lib/gcc/arm-none-eabi/13.2.1/thumb/v7e-m+fp/hard/crtbegin.o
LOAD C:/programms/Tools/xpack-arm-none-eabi-gcc-13.2.1-1.1/bin/../lib/gcc/arm-none-eabi/13.2.1/../../../../arm-none-eabi/lib/thumb/v7e-m+fp/hard/crt0.o
LOAD build_F429ZI/system_stm32f4xx.o
LOAD build_F429ZI/syscalls.o
LOAD build_F429ZI/sysmem.o
LOAD build_F429ZI/main.o
LOAD build_F429ZI/init.o
LOAD build_F429ZI/it_handlers.o
LOAD build_F429ZI/startup_stm32f429xx.o
LOAD C:/programms/Tools/xpack-arm-none-eabi-gcc-13.2.1-1.1/bin/../lib/gcc/arm-none-eabi/13.2.1/../../../../arm-none-eabi/lib/thumb/v7e-m+fp/hard\libc_nano.a
LOAD C:/programms/Tools/xpack-arm-none-eabi-gcc-13.2.1-1.1/bin/../lib/gcc/arm-none-eabi/13.2.1/../../../../arm-none-eabi/lib/thumb/v7e-m+fp/hard\libm.a
LOAD C:/programms/Tools/xpack-arm-none-eabi-gcc-13.2.1-1.1/bin/../lib/gcc/arm-none-eabi/13.2.1/../../../../arm-none-eabi/lib/thumb/v7e-m+fp/hard\libnosys.a
START GROUP
LOAD C:/programms/Tools/xpack-arm-none-eabi-gcc-13.2.1-1.1/bin/../lib/gcc/arm-none-eabi/13.2.1/thumb/v7e-m+fp/hard\libgcc.a
LOAD C:/programms/Tools/xpack-arm-none-eabi-gcc-13.2.1-1.1/bin/../lib/gcc/arm-none-eabi/13.2.1/../../../../arm-none-eabi/lib/thumb/v7e-m+fp/hard\libc_nano.a
END GROUP
START GROUP
LOAD C:/programms/Tools/xpack-arm-none-eabi-gcc-13.2.1-1.1/bin/../lib/gcc/arm-none-eabi/13.2.1/thumb/v7e-m+fp/hard\libgcc.a
LOAD C:/programms/Tools/xpack-arm-none-eabi-gcc-13.2.1-1.1/bin/../lib/gcc/arm-none-eabi/13.2.1/../../../../arm-none-eabi/lib/thumb/v7e-m+fp/hard\libc_nano.a
END GROUP
LOAD C:/programms/Tools/xpack-arm-none-eabi-gcc-13.2.1-1.1/bin/../lib/gcc/arm-none-eabi/13.2.1/thumb/v7e-m+fp/hard/crtend.o
LOAD C:/programms/Tools/xpack-arm-none-eabi-gcc-13.2.1-1.1/bin/../lib/gcc/arm-none-eabi/13.2.1/thumb/v7e-m+fp/hard/crtn.o
                0x20030000                        _estack = (ORIGIN (RAM) + LENGTH (RAM))
                0x00000200                        _Min_Heap_Size = 0x200
                0x00000400                        _Min_Stack_Size = 0x400

.isr_vector     0x08000000      0x1ac
                0x08000000                        . = ALIGN (0x4)
 *(.isr_vector)
 .isr_vector    0x08000000      0x1ac build_F429ZI/startup_stm32f429xx.o
                0x08000000                g_pfnVectors
                0x080001ac                        . = ALIGN (0x4)

.text           0x080001ac      0x690
                0x080001ac                        . = ALIGN (0x4)
 *(.text)
 *(.text*)
 .text.__do_global_dtors_aux
                0x080001ac       0x24 C:/programms/Tools/xpack-arm-none-eabi-gcc-13.2.1-1.1/bin/../lib/gcc/arm-none-eabi/13.2.1/thumb/v7e-m+fp/hard/crtbegin.o
 .text.frame_dummy
                0x080001d0       0x1c C:/programms/Tools/xpack-arm-none-eabi-gcc-13.2.1-1.1/bin/../lib/gcc/arm-none-eabi/13.2.1/thumb/v7e-m+fp/hard/crtbegin.o
 .text.ResetLEDs
                0x080001ec       0x6c build_F429ZI/main.o
                0x080001ec                ResetLEDs
 .text.flickers
                0x08000258       0x50 build_F429ZI/main.o
                0x08000258                flickers
 .text.changeFlickerFrequency
                0x080002a8       0x20 build_F429ZI/main.o
                0x080002a8                changeFlickerFrequency
 .text.handleButton1
                0x080002c8       0x2c build_F429ZI/main.o
                0x080002c8                handleButton1
 .text.main     0x080002f4       0x7c build_F429ZI/main.o
                0x080002f4                main
 .text.NVIC_EncodePriority
                0x08000370       0x3e build_F429ZI/init.o
 *fill*         0x080003ae        0x2 
 .text.RCC_Ini  0x080003b0      0x108 build_F429ZI/init.o
                0x080003b0                RCC_Ini
 .text.GPIO_Ini
                0x080004b8       0xd8 build_F429ZI/init.o
                0x080004b8                GPIO_Ini
 .text.EXTI_ITR_Ini
                0x08000590       0xa8 build_F429ZI/init.o
                0x08000590                EXTI_ITR_Ini
 .text.SysTick_Init
                0x08000638       0x40 build_F429ZI/init.o
                0x08000638                SysTick_Init
 .text.EXTI0_IRQHandler
                0x08000678       0x30 build_F429ZI/it_handlers.o
                0x08000678                EXTI0_IRQHandler
 .text.EXTI3_IRQHandler
                0x080006a8       0x7c build_F429ZI/it_handlers.o
                0x080006a8                EXTI3_IRQHandler
 .text.SysTick_Handler
                0x08000724       0x68 build_F429ZI/it_handlers.o
                0x08000724                SysTick_Handler
 .text.Reset_Handler
                0x0800078c       0x4c build_F429ZI/startup_stm32f429xx.o
                0x0800078c                Reset_Handler
 .text.Default_Handler
                0x080007d8        0x2 build_F429ZI/startup_stm32f429xx.o
                0x080007d8                RTC_Alarm_IRQHandler
                0x080007d8                HASH_RNG_IRQHandler
                0x080007d8                EXTI2_IRQHandler
                0x080007d8                TIM8_CC_IRQHandler
                0x080007d8                DebugMon_Handler
                0x080007d8                UART8_IRQHandler
                0x080007d8                SPI4_IRQHandler
                0x080007d8                TIM1_CC_IRQHandler
                0x080007d8                DMA2_Stream5_IRQHandler
                0x080007d8                HardFault_Handler
                0x080007d8                DMA1_Stream5_IRQHandler
                0x080007d8                PVD_IRQHandler
                0x080007d8                SDIO_IRQHandler
                0x080007d8                TAMP_STAMP_IRQHandler
                0x080007d8                PendSV_Handler
                0x080007d8                NMI_Handler
                0x080007d8                CAN2_RX1_IRQHandler
                0x080007d8                TIM8_TRG_COM_TIM14_IRQHandler
                0x080007d8                TIM1_UP_TIM10_IRQHandler
                0x080007d8                TIM8_UP_TIM13_IRQHandler
                0x080007d8                I2C3_ER_IRQHandler
                0x080007d8                I2C2_EV_IRQHandler
                0x080007d8                DMA1_Stream2_IRQHandler
                0x080007d8                CAN1_RX0_IRQHandler
                0x080007d8                FPU_IRQHandler
                0x080007d8                OTG_HS_WKUP_IRQHandler
                0x080007d8                UsageFault_Handler
                0x080007d8                LTDC_ER_IRQHandler
                0x080007d8                CAN2_SCE_IRQHandler
                0x080007d8                DMA2_Stream2_IRQHandler
                0x080007d8                SPI1_IRQHandler
                0x080007d8                TIM6_DAC_IRQHandler
                0x080007d8                TIM1_BRK_TIM9_IRQHandler
                0x080007d8                DCMI_IRQHandler
                0x080007d8                CAN2_RX0_IRQHandler
                0x080007d8                DMA2_Stream3_IRQHandler
                0x080007d8                USART6_IRQHandler
                0x080007d8                USART3_IRQHandler
                0x080007d8                CAN1_RX1_IRQHandler
                0x080007d8                UART5_IRQHandler
                0x080007d8                DMA2_Stream0_IRQHandler
                0x080007d8                TIM4_IRQHandler
                0x080007d8                I2C1_EV_IRQHandler
                0x080007d8                DMA1_Stream6_IRQHandler
                0x080007d8                DMA1_Stream1_IRQHandler
                0x080007d8                UART4_IRQHandler
                0x080007d8                TIM3_IRQHandler
                0x080007d8                RCC_IRQHandler
                0x080007d8                TIM8_BRK_TIM12_IRQHandler
                0x080007d8                Default_Handler
                0x080007d8                EXTI15_10_IRQHandler
                0x080007d8                ADC_IRQHandler
                0x080007d8                DMA1_Stream7_IRQHandler
                0x080007d8                SPI5_IRQHandler
                0x080007d8                TIM7_IRQHandler
                0x080007d8                CAN2_TX_IRQHandler
                0x080007d8                TIM5_IRQHandler
                0x080007d8                DMA2_Stream7_IRQHandler
                0x080007d8                I2C3_EV_IRQHandler
                0x080007d8                EXTI9_5_IRQHandler
                0x080007d8                RTC_WKUP_IRQHandler
                0x080007d8                LTDC_IRQHandler
                0x080007d8                ETH_WKUP_IRQHandler
                0x080007d8                SPI2_IRQHandler
                0x080007d8                OTG_HS_EP1_IN_IRQHandler
                0x080007d8                MemManage_Handler
                0x080007d8                DMA1_Stream0_IRQHandler
                0x080007d8                CAN1_TX_IRQHandler
                0x080007d8                SVC_Handler
                0x080007d8                EXTI4_IRQHandler
                0x080007d8                ETH_IRQHandler
                0x080007d8                OTG_HS_EP1_OUT_IRQHandler
                0x080007d8                WWDG_IRQHandler
                0x080007d8                SPI6_IRQHandler
                0x080007d8                TIM2_IRQHandler
                0x080007d8                OTG_FS_WKUP_IRQHandler
                0x080007d8                TIM1_TRG_COM_TIM11_IRQHandler
                0x080007d8                OTG_HS_IRQHandler
                0x080007d8                DMA2D_IRQHandler
                0x080007d8                EXTI1_IRQHandler
                0x080007d8                UART7_IRQHandler
                0x080007d8                USART2_IRQHandler
                0x080007d8                I2C2_ER_IRQHandler
                0x080007d8                DMA2_Stream1_IRQHandler
                0x080007d8                CAN1_SCE_IRQHandler
                0x080007d8                FLASH_IRQHandler
                0x080007d8                DMA2_Stream4_IRQHandler
                0x080007d8                BusFault_Handler
                0x080007d8                USART1_IRQHandler
                0x080007d8                OTG_FS_IRQHandler
                0x080007d8                SPI3_IRQHandler
                0x080007d8                DMA1_Stream4_IRQHandler
                0x080007d8                I2C1_ER_IRQHandler
                0x080007d8                FMC_IRQHandler
                0x080007d8                DMA2_Stream6_IRQHandler
                0x080007d8                SAI1_IRQHandler
                0x080007d8                DMA1_Stream3_IRQHandler
 *fill*         0x080007da        0x2 
 .text.__libc_init_array
                0x080007dc       0x48 C:/programms/Tools/xpack-arm-none-eabi-gcc-13.2.1-1.1/bin/../lib/gcc/arm-none-eabi/13.2.1/../../../../arm-none-eabi/lib/thumb/v7e-m+fp/hard\libc_nano.a(libc_a-init.o)
                0x080007dc                __libc_init_array
 *(.glue_7)
 .glue_7        0x08000824        0x0 linker stubs
 *(.glue_7t)
 .glue_7t       0x08000824        0x0 linker stubs
 *(.eh_frame)
 .eh_frame      0x08000824        0x0 C:/programms/Tools/xpack-arm-none-eabi-gcc-13.2.1-1.1/bin/../lib/gcc/arm-none-eabi/13.2.1/thumb/v7e-m+fp/hard/crtbegin.o
 *(.init)
 .init          0x08000824        0x4 C:/programms/Tools/xpack-arm-none-eabi-gcc-13.2.1-1.1/bin/../lib/gcc/arm-none-eabi/13.2.1/thumb/v7e-m+fp/hard/crti.o
                0x08000824                _init
 .init          0x08000828        0x8 C:/programms/Tools/xpack-arm-none-eabi-gcc-13.2.1-1.1/bin/../lib/gcc/arm-none-eabi/13.2.1/thumb/v7e-m+fp/hard/crtn.o
 *(.fini)
 .fini          0x08000830        0x4 C:/programms/Tools/xpack-arm-none-eabi-gcc-13.2.1-1.1/bin/../lib/gcc/arm-none-eabi/13.2.1/thumb/v7e-m+fp/hard/crti.o
                0x08000830                _fini
 .fini          0x08000834        0x8 C:/programms/Tools/xpack-arm-none-eabi-gcc-13.2.1-1.1/bin/../lib/gcc/arm-none-eabi/13.2.1/thumb/v7e-m+fp/hard/crtn.o
                0x0800083c                        . = ALIGN (0x4)
                0x0800083c                        _etext = .

.vfp11_veneer   0x0800083c        0x0
 .vfp11_veneer  0x0800083c        0x0 linker stubs

.v4_bx          0x0800083c        0x0
 .v4_bx         0x0800083c        0x0 linker stubs

.iplt           0x0800083c        0x0
 .iplt          0x0800083c        0x0 C:/programms/Tools/xpack-arm-none-eabi-gcc-13.2.1-1.1/bin/../lib/gcc/arm-none-eabi/13.2.1/thumb/v7e-m+fp/hard/crtbegin.o

.rel.dyn        0x0800083c        0x0
 .rel.iplt      0x0800083c        0x0 C:/programms/Tools/xpack-arm-none-eabi-gcc-13.2.1-1.1/bin/../lib/gcc/arm-none-eabi/13.2.1/thumb/v7e-m+fp/hard/crtbegin.o

.rodata         0x0800083c        0x0
                0x0800083c                        . = ALIGN (0x4)
 *(.rodata)
 *(.rodata*)
                0x0800083c                        . = ALIGN (0x4)

.ARM.extab
 *(.ARM.extab* .gnu.linkonce.armextab.*)

.ARM            0x0800083c        0x0
                0x0800083c                        __exidx_start = .
 *(.ARM.exidx*)
                0x0800083c                        __exidx_end = .

.preinit_array  0x0800083c        0x0
                0x0800083c                        PROVIDE (__preinit_array_start = .)
 *(.preinit_array*)
                0x0800083c                        PROVIDE (__preinit_array_end = .)

.init_array     0x0800083c        0x4
                0x0800083c                        PROVIDE (__init_array_start = .)
 *(SORT_BY_NAME(.init_array.*))
 *(.init_array*)
 .init_array    0x0800083c        0x4 C:/programms/Tools/xpack-arm-none-eabi-gcc-13.2.1-1.1/bin/../lib/gcc/arm-none-eabi/13.2.1/thumb/v7e-m+fp/hard/crtbegin.o
                0x08000840                        PROVIDE (__init_array_end = .)

.fini_array     0x08000840        0x4
                0x08000840                        PROVIDE (__fini_array_start = .)
 *(SORT_BY_NAME(.fini_array.*))
 *(.fini_array*)
 .fini_array    0x08000840        0x4 C:/programms/Tools/xpack-arm-none-eabi-gcc-13.2.1-1.1/bin/../lib/gcc/arm-none-eabi/13.2.1/thumb/v7e-m+fp/hard/crtbegin.o
                0x08000844                        PROVIDE (__fini_array_end = .)
                0x08000844                        _sidata = LOADADDR (.data)

.data           0x20000000        0x8 load address 0x08000844
                0x20000000                        . = ALIGN (0x4)
                0x20000000                        _sdata = .
 *(.data)
 *(.data*)
 .data.FreqList
                0x20000000        0x6 build_F429ZI/main.o
                0x20000000                FreqList
                0x20000008                        . = ALIGN (0x4)
 *fill*         0x20000006        0x2 
                0x20000008                        _edata = .
                0x0800084c                        _siccmram = LOADADDR (.ccmram)

.igot.plt       0x20000008        0x0 load address 0x0800084c
 .igot.plt      0x20000008        0x0 C:/programms/Tools/xpack-arm-none-eabi-gcc-13.2.1-1.1/bin/../lib/gcc/arm-none-eabi/13.2.1/thumb/v7e-m+fp/hard/crtbegin.o

.ccmram         0x10000000        0x0 load address 0x0800084c
                0x10000000                        . = ALIGN (0x4)
                0x10000000                        _sccmram = .
 *(.ccmram)
 *(.ccmram*)
                0x10000000                        . = ALIGN (0x4)
                0x10000000                        _eccmram = .
                0x10000000                        . = ALIGN (0x4)

.bss            0x20000008       0x3c
                0x20000008                        _sbss = .
                0x20000008                        __bss_start__ = _sbss
 *(.bss)
 *(.bss*)
 .bss.completed.1
                0x20000008        0x1 C:/programms/Tools/xpack-arm-none-eabi-gcc-13.2.1-1.1/bin/../lib/gcc/arm-none-eabi/13.2.1/thumb/v7e-m+fp/hard/crtbegin.o
 *fill*         0x20000009        0x3 
 .bss.object.0  0x2000000c       0x18 C:/programms/Tools/xpack-arm-none-eabi-gcc-13.2.1-1.1/bin/../lib/gcc/arm-none-eabi/13.2.1/thumb/v7e-m+fp/hard/crtbegin.o
 .bss.Freq      0x20000024        0x1 build_F429ZI/main.o
                0x20000024                Freq
 *fill*         0x20000025        0x3 
 .bss.LiTi      0x20000028        0x4 build_F429ZI/main.o
                0x20000028                LiTi
 .bss.Mode      0x2000002c        0x1 build_F429ZI/main.o
                0x2000002c                Mode
 .bss.CurLEDI   0x2000002d        0x1 build_F429ZI/main.o
                0x2000002d                CurLEDI
 .bss.BtnTwSh   0x2000002e        0x1 build_F429ZI/main.o
                0x2000002e                BtnTwSh
 .bss.BtnFi     0x2000002f        0x1 build_F429ZI/main.o
                0x2000002f                BtnFi
 .bss.button2_long_press_triggered
                0x20000030        0x1 build_F429ZI/it_handlers.o
                0x20000030                button2_long_press_triggered
 *fill*         0x20000031        0x3 
 .bss.ExternalInterruptTickCount
                0x20000034        0x4 build_F429ZI/it_handlers.o
                0x20000034                ExternalInterruptTickCount
 .bss.button2PressTime
                0x20000038        0x4 build_F429ZI/it_handlers.o
                0x20000038                button2PressTime
 .bss.btn2State
                0x2000003c        0x1 build_F429ZI/it_handlers.o
                0x2000003c                btn2State
 *fill*         0x2000003d        0x3 
 .bss.holdTime  0x20000040        0x4 build_F429ZI/it_handlers.o
                0x20000040                holdTime
 *(COMMON)
                0x20000044                        . = ALIGN (0x4)
                0x20000044                        _ebss = .
                0x20000044                        __bss_end__ = _ebss

._user_heap_stack
                0x20000044      0x604
                0x20000048                        . = ALIGN (0x8)
 *fill*         0x20000044        0x4 
                [!provide]                        PROVIDE (end = .)
                0x20000048                        PROVIDE (_end = .)
                0x20000248                        . = (. + _Min_Heap_Size)
 *fill*         0x20000048      0x200 
                0x20000648                        . = (. + _Min_Stack_Size)
 *fill*         0x20000248      0x400 
                0x20000648                        . = ALIGN (0x8)

/DISCARD/
 libc.a(*)
 libm.a(*)
 libgcc.a(*)

.ARM.attributes
                0x00000000       0x30
 *(.ARM.attributes)
 .ARM.attributes
                0x00000000       0x22 C:/programms/Tools/xpack-arm-none-eabi-gcc-13.2.1-1.1/bin/../lib/gcc/arm-none-eabi/13.2.1/thumb/v7e-m+fp/hard/crti.o
 .ARM.attributes
                0x00000022       0x34 C:/programms/Tools/xpack-arm-none-eabi-gcc-13.2.1-1.1/bin/../lib/gcc/arm-none-eabi/13.2.1/thumb/v7e-m+fp/hard/crtbegin.o
 .ARM.attributes
                0x00000056       0x34 build_F429ZI/main.o
 .ARM.attributes
                0x0000008a       0x34 build_F429ZI/init.o
 .ARM.attributes
                0x000000be       0x34 build_F429ZI/it_handlers.o
 .ARM.attributes
                0x000000f2       0x21 build_F429ZI/startup_stm32f429xx.o
 .ARM.attributes
                0x00000113       0x34 C:/programms/Tools/xpack-arm-none-eabi-gcc-13.2.1-1.1/bin/../lib/gcc/arm-none-eabi/13.2.1/../../../../arm-none-eabi/lib/thumb/v7e-m+fp/hard\libc_nano.a(libc_a-init.o)
 .ARM.attributes
                0x00000147       0x22 C:/programms/Tools/xpack-arm-none-eabi-gcc-13.2.1-1.1/bin/../lib/gcc/arm-none-eabi/13.2.1/thumb/v7e-m+fp/hard/crtn.o
OUTPUT(build_F429ZI/STM32F429ZI.elf elf32-littlearm)
LOAD linker stubs
LOAD C:/programms/Tools/xpack-arm-none-eabi-gcc-13.2.1-1.1/bin/../lib/gcc/arm-none-eabi/13.2.1/../../../../arm-none-eabi/lib/thumb/v7e-m+fp/hard\libc.a
LOAD C:/programms/Tools/xpack-arm-none-eabi-gcc-13.2.1-1.1/bin/../lib/gcc/arm-none-eabi/13.2.1/../../../../arm-none-eabi/lib/thumb/v7e-m+fp/hard\libm.a
LOAD C:/programms/Tools/xpack-arm-none-eabi-gcc-13.2.1-1.1/bin/../lib/gcc/arm-none-eabi/13.2.1/thumb/v7e-m+fp/hard\libgcc.a

.comment        0x00000000       0x39
 .comment       0x00000000       0x39 C:/programms/Tools/xpack-arm-none-eabi-gcc-13.2.1-1.1/bin/../lib/gcc/arm-none-eabi/13.2.1/thumb/v7e-m+fp/hard/crtbegin.o
                                 0x3a (size before relaxing)
 .comment       0x00000039       0x3a build_F429ZI/main.o
 .comment       0x00000039       0x3a build_F429ZI/init.o
 .comment       0x00000039       0x3a build_F429ZI/it_handlers.o
 .comment       0x00000039       0x3a C:/programms/Tools/xpack-arm-none-eabi-gcc-13.2.1-1.1/bin/../lib/gcc/arm-none-eabi/13.2.1/../../../../arm-none-eabi/lib/thumb/v7e-m+fp/hard\libc_nano.a(libc_a-init.o)

.debug_info     0x00000000     0x12ba
 .debug_info    0x00000000      0x30a build_F429ZI/main.o
 .debug_info    0x0000030a      0xd8b build_F429ZI/init.o
 .debug_info    0x00001095      0x1f5 build_F429ZI/it_handlers.o
 .debug_info    0x0000128a       0x30 build_F429ZI/startup_stm32f429xx.o

.debug_abbrev   0x00000000      0x3e6
 .debug_abbrev  0x00000000      0x119 build_F429ZI/main.o
 .debug_abbrev  0x00000119      0x1ee build_F429ZI/init.o
 .debug_abbrev  0x00000307       0xc2 build_F429ZI/it_handlers.o
 .debug_abbrev  0x000003c9       0x1d build_F429ZI/startup_stm32f429xx.o

.debug_loc      0x00000000      0x201
 .debug_loc     0x00000000       0x40 build_F429ZI/main.o
 .debug_loc     0x00000040      0x1c1 build_F429ZI/init.o

.debug_aranges  0x00000000       0xd8
 .debug_aranges
                0x00000000       0x40 build_F429ZI/main.o
 .debug_aranges
                0x00000040       0x40 build_F429ZI/init.o
 .debug_aranges
                0x00000080       0x30 build_F429ZI/it_handlers.o
 .debug_aranges
                0x000000b0       0x28 build_F429ZI/startup_stm32f429xx.o

.debug_ranges   0x00000000       0xa0
 .debug_ranges  0x00000000       0x30 build_F429ZI/main.o
 .debug_ranges  0x00000030       0x30 build_F429ZI/init.o
 .debug_ranges  0x00000060       0x20 build_F429ZI/it_handlers.o
 .debug_ranges  0x00000080       0x20 build_F429ZI/startup_stm32f429xx.o

.debug_line     0x00000000      0x902
 .debug_line    0x00000000      0x276 build_F429ZI/main.o
 .debug_line    0x00000276      0x39f build_F429ZI/init.o
 .debug_line    0x00000615      0x27b build_F429ZI/it_handlers.o
 .debug_line    0x00000890       0x72 build_F429ZI/startup_stm32f429xx.o

.debug_str      0x00000000      0xb30
 .debug_str     0x00000000      0xb30 build_F429ZI/main.o
                                0x258 (size before relaxing)
 .debug_str     0x00000b30      0xa2f build_F429ZI/init.o
 .debug_str     0x00000b30      0x246 build_F429ZI/it_handlers.o
 .debug_str     0x00000b30       0x59 build_F429ZI/startup_stm32f429xx.o

.debug_frame    0x00000000      0x124
 .debug_frame   0x00000000       0x70 build_F429ZI/main.o
 .debug_frame   0x00000070       0x74 build_F429ZI/init.o
 .debug_frame   0x000000e4       0x40 build_F429ZI/it_handlers.o

Cross Reference Table

Symbol                                            File
ADC_IRQHandler                                    build_F429ZI/startup_stm32f429xx.o
AHBPrescTable                                     build_F429ZI/system_stm32f4xx.o
APBPrescTable                                     build_F429ZI/system_stm32f4xx.o
BtnFi                                             build_F429ZI/main.o
                                                  build_F429ZI/it_handlers.o
BtnTwSh                                           build_F429ZI/main.o
                                                  build_F429ZI/it_handlers.o
BusFault_Handler                                  build_F429ZI/startup_stm32f429xx.o
CAN1_RX0_IRQHandler                               build_F429ZI/startup_stm32f429xx.o
CAN1_RX1_IRQHandler                               build_F429ZI/startup_stm32f429xx.o
CAN1_SCE_IRQHandler                               build_F429ZI/startup_stm32f429xx.o
CAN1_TX_IRQHandler                                build_F429ZI/startup_stm32f429xx.o
CAN2_RX0_IRQHandler                               build_F429ZI/startup_stm32f429xx.o
CAN2_RX1_IRQHandler                               build_F429ZI/startup_stm32f429xx.o
CAN2_SCE_IRQHandler                               build_F429ZI/startup_stm32f429xx.o
CAN2_TX_IRQHandler                                build_F429ZI/startup_stm32f429xx.o
CurLEDI                                           build_F429ZI/main.o
DCMI_IRQHandler                                   build_F429ZI/startup_stm32f429xx.o
DMA1_Stream0_IRQHandler                           build_F429ZI/startup_stm32f429xx.o
DMA1_Stream1_IRQHandler                           build_F429ZI/startup_stm32f429xx.o
DMA1_Stream2_IRQHandler                           build_F429ZI/startup_stm32f429xx.o
DMA1_Stream3_IRQHandler                           build_F429ZI/startup_stm32f429xx.o
DMA1_Stream4_IRQHandler                           build_F429ZI/startup_stm32f429xx.o
DMA1_Stream5_IRQHandler                           build_F429ZI/startup_stm32f429xx.o
DMA1_Stream6_IRQHandler                           build_F429ZI/startup_stm32f429xx.o
DMA1_Stream7_IRQHandler                           build_F429ZI/startup_stm32f429xx.o
DMA2D_IRQHandler                                  build_F429ZI/startup_stm32f429xx.o
DMA2_Stream0_IRQHandler                           build_F429ZI/startup_stm32f429xx.o
DMA2_Stream1_IRQHandler                           build_F429ZI/startup_stm32f429xx.o
DMA2_Stream2_IRQHandler                           build_F429ZI/startup_stm32f429xx.o
DMA2_Stream3_IRQHandler                           build_F429ZI/startup_stm32f429xx.o
DMA2_Stream4_IRQHandler                           build_F429ZI/startup_stm32f429xx.o
DMA2_Stream5_IRQHandler                           build_F429ZI/startup_stm32f429xx.o
DMA2_Stream6_IRQHandler                           build_F429ZI/startup_stm32f429xx.o
DMA2_Stream7_IRQHandler                           build_F429ZI/startup_stm32f429xx.o
DebugMon_Handler                                  build_F429ZI/startup_stm32f429xx.o
Default_Handler                                   build_F429ZI/startup_stm32f429xx.o
ETH_IRQHandler                                    build_F429ZI/startup_stm32f429xx.o
ETH_WKUP_IRQHandler                               build_F429ZI/startup_stm32f429xx.o
EXTI0_IRQHandler                                  build_F429ZI/it_handlers.o
EXTI15_10_IRQHandler                              build_F429ZI/startup_stm32f429xx.o
EXTI1_IRQHandler                                  build_F429ZI/startup_stm32f429xx.o
EXTI2_IRQHandler                                  build_F429ZI/startup_stm32f429xx.o
EXTI3_IRQHandler                                  build_F429ZI/it_handlers.o
EXTI4_IRQHandler                                  build_F429ZI/startup_stm32f429xx.o
EXTI9_5_IRQHandler                                build_F429ZI/startup_stm32f429xx.o
EXTI_ITR_Ini                                      build_F429ZI/init.o
                                                  build_F429ZI/main.o
ExternalInterruptTickCount                        build_F429ZI/it_handlers.o
FLASH_IRQHandler                                  build_F429ZI/startup_stm32f429xx.o
FMC_IRQHandler                                    build_F429ZI/startup_stm32f429xx.o
FPU_IRQHandler                                    build_F429ZI/startup_stm32f429xx.o
Freq                                              build_F429ZI/main.o
FreqList                                          build_F429ZI/main.o
GPIO_Ini                                          build_F429ZI/init.o
                                                  build_F429ZI/main.o
HASH_RNG_IRQHandler                               build_F429ZI/startup_stm32f429xx.o
HardFault_Handler                                 build_F429ZI/startup_stm32f429xx.o
I2C1_ER_IRQHandler                                build_F429ZI/startup_stm32f429xx.o
I2C1_EV_IRQHandler                                build_F429ZI/startup_stm32f429xx.o
I2C2_ER_IRQHandler                                build_F429ZI/startup_stm32f429xx.o
I2C2_EV_IRQHandler                                build_F429ZI/startup_stm32f429xx.o
I2C3_ER_IRQHandler                                build_F429ZI/startup_stm32f429xx.o
I2C3_EV_IRQHandler                                build_F429ZI/startup_stm32f429xx.o
LTDC_ER_IRQHandler                                build_F429ZI/startup_stm32f429xx.o
LTDC_IRQHandler                                   build_F429ZI/startup_stm32f429xx.o
LiTi                                              build_F429ZI/main.o
                                                  build_F429ZI/it_handlers.o
MemManage_Handler                                 build_F429ZI/startup_stm32f429xx.o
Mode                                              build_F429ZI/main.o
                                                  build_F429ZI/it_handlers.o
NMI_Handler                                       build_F429ZI/startup_stm32f429xx.o
OTG_FS_IRQHandler                                 build_F429ZI/startup_stm32f429xx.o
OTG_FS_WKUP_IRQHandler                            build_F429ZI/startup_stm32f429xx.o
OTG_HS_EP1_IN_IRQHandler                          build_F429ZI/startup_stm32f429xx.o
OTG_HS_EP1_OUT_IRQHandler                         build_F429ZI/startup_stm32f429xx.o
OTG_HS_IRQHandler                                 build_F429ZI/startup_stm32f429xx.o
OTG_HS_WKUP_IRQHandler                            build_F429ZI/startup_stm32f429xx.o
PVD_IRQHandler                                    build_F429ZI/startup_stm32f429xx.o
PendSV_Handler                                    build_F429ZI/startup_stm32f429xx.o
RCC_IRQHandler                                    build_F429ZI/startup_stm32f429xx.o
RCC_Ini                                           build_F429ZI/init.o
                                                  build_F429ZI/main.o
RTC_Alarm_IRQHandler                              build_F429ZI/startup_stm32f429xx.o
RTC_WKUP_IRQHandler                               build_F429ZI/startup_stm32f429xx.o
ResetLEDs                                         build_F429ZI/main.o
Reset_Handler                                     build_F429ZI/startup_stm32f429xx.o
SAI1_IRQHandler                                   build_F429ZI/startup_stm32f429xx.o
SDIO_IRQHandler                                   build_F429ZI/startup_stm32f429xx.o
SPI1_IRQHandler                                   build_F429ZI/startup_stm32f429xx.o
SPI2_IRQHandler                                   build_F429ZI/startup_stm32f429xx.o
SPI3_IRQHandler                                   build_F429ZI/startup_stm32f429xx.o
SPI4_IRQHandler                                   build_F429ZI/startup_stm32f429xx.o
SPI5_IRQHandler                                   build_F429ZI/startup_stm32f429xx.o
SPI6_IRQHandler                                   build_F429ZI/startup_stm32f429xx.o
SVC_Handler                                       build_F429ZI/startup_stm32f429xx.o
SysTick_Handler                                   build_F429ZI/it_handlers.o
SysTick_Init                                      build_F429ZI/init.o
                                                  build_F429ZI/main.o
SystemCoreClock                                   build_F429ZI/system_stm32f4xx.o
SystemCoreClockUpdate                             build_F429ZI/system_stm32f4xx.o
SystemInit                                        build_F429ZI/system_stm32f4xx.o
TAMP_STAMP_IRQHandler                             build_F429ZI/startup_stm32f429xx.o
TIM1_BRK_TIM9_IRQHandler                          build_F429ZI/startup_stm32f429xx.o
TIM1_CC_IRQHandler                                build_F429ZI/startup_stm32f429xx.o
TIM1_TRG_COM_TIM11_IRQHandler                     build_F429ZI/startup_stm32f429xx.o
TIM1_UP_TIM10_IRQHandler                          build_F429ZI/startup_stm32f429xx.o
TIM2_IRQHandler                                   build_F429ZI/startup_stm32f429xx.o
TIM3_IRQHandler                                   build_F429ZI/startup_stm32f429xx.o
TIM4_IRQHandler                                   build_F429ZI/startup_stm32f429xx.o
TIM5_IRQHandler                                   build_F429ZI/startup_stm32f429xx.o
TIM6_DAC_IRQHandler                               build_F429ZI/startup_stm32f429xx.o
TIM7_IRQHandler                                   build_F429ZI/startup_stm32f429xx.o
TIM8_BRK_TIM12_IRQHandler                         build_F429ZI/startup_stm32f429xx.o
TIM8_CC_IRQHandler                                build_F429ZI/startup_stm32f429xx.o
TIM8_TRG_COM_TIM14_IRQHandler                     build_F429ZI/startup_stm32f429xx.o
TIM8_UP_TIM13_IRQHandler                          build_F429ZI/startup_stm32f429xx.o
UART4_IRQHandler                                  build_F429ZI/startup_stm32f429xx.o
UART5_IRQHandler                                  build_F429ZI/startup_stm32f429xx.o
UART7_IRQHandler                                  build_F429ZI/startup_stm32f429xx.o
UART8_IRQHandler                                  build_F429ZI/startup_stm32f429xx.o
USART1_IRQHandler                                 build_F429ZI/startup_stm32f429xx.o
USART2_IRQHandler                                 build_F429ZI/startup_stm32f429xx.o
USART3_IRQHandler                                 build_F429ZI/startup_stm32f429xx.o
USART6_IRQHandler                                 build_F429ZI/startup_stm32f429xx.o
UsageFault_Handler                                build_F429ZI/startup_stm32f429xx.o
WWDG_IRQHandler                                   build_F429ZI/startup_stm32f429xx.o
_Min_Stack_Size                                   build_F429ZI/sysmem.o
__atexit                                          C:/programms/Tools/xpack-arm-none-eabi-gcc-13.2.1-1.1/bin/../lib/gcc/arm-none-eabi/13.2.1/../../../../arm-none-eabi/lib/thumb/v7e-m+fp/hard\libc_nano.a(libc_a-__call_atexit.o)
                                                  C:/programms/Tools/xpack-arm-none-eabi-gcc-13.2.1-1.1/bin/../lib/gcc/arm-none-eabi/13.2.1/../../../../arm-none-eabi/lib/thumb/v7e-m+fp/hard\libc_nano.a(libc_a-__atexit.o)
__atexit0                                         C:/programms/Tools/xpack-arm-none-eabi-gcc-13.2.1-1.1/bin/../lib/gcc/arm-none-eabi/13.2.1/../../../../arm-none-eabi/lib/thumb/v7e-m+fp/hard\libc_nano.a(libc_a-__atexit.o)
__atexit_dummy                                    C:/programms/Tools/xpack-arm-none-eabi-gcc-13.2.1-1.1/bin/../lib/gcc/arm-none-eabi/13.2.1/../../../../arm-none-eabi/lib/thumb/v7e-m+fp/hard\libc_nano.a(libc_a-__atexit.o)
__atexit_recursive_mutex                          C:/programms/Tools/xpack-arm-none-eabi-gcc-13.2.1-1.1/bin/../lib/gcc/arm-none-eabi/13.2.1/../../../../arm-none-eabi/lib/thumb/v7e-m+fp/hard\libc_nano.a(libc_a-__call_atexit.o)
                                                  C:/programms/Tools/xpack-arm-none-eabi-gcc-13.2.1-1.1/bin/../lib/gcc/arm-none-eabi/13.2.1/../../../../arm-none-eabi/lib/thumb/v7e-m+fp/hard\libc_nano.a(libc_a-__atexit.o)
__bss_end__                                       C:/programms/Tools/xpack-arm-none-eabi-gcc-13.2.1-1.1/bin/../lib/gcc/arm-none-eabi/13.2.1/../../../../arm-none-eabi/lib/thumb/v7e-m+fp/hard/crt0.o
__bss_start__                                     C:/programms/Tools/xpack-arm-none-eabi-gcc-13.2.1-1.1/bin/../lib/gcc/arm-none-eabi/13.2.1/../../../../arm-none-eabi/lib/thumb/v7e-m+fp/hard/crt0.o
__call_exitprocs                                  C:/programms/Tools/xpack-arm-none-eabi-gcc-13.2.1-1.1/bin/../lib/gcc/arm-none-eabi/13.2.1/../../../../arm-none-eabi/lib/thumb/v7e-m+fp/hard\libc_nano.a(libc_a-__call_atexit.o)
                                                  C:/programms/Tools/xpack-arm-none-eabi-gcc-13.2.1-1.1/bin/../lib/gcc/arm-none-eabi/13.2.1/../../../../arm-none-eabi/lib/thumb/v7e-m+fp/hard\libc_nano.a(libc_a-__atexit.o)
                                                  C:/programms/Tools/xpack-arm-none-eabi-gcc-13.2.1-1.1/bin/../lib/gcc/arm-none-eabi/13.2.1/../../../../arm-none-eabi/lib/thumb/v7e-m+fp/hard\libc_nano.a(libc_a-exit.o)
__deregister_frame_info                           C:/programms/Tools/xpack-arm-none-eabi-gcc-13.2.1-1.1/bin/../lib/gcc/arm-none-eabi/13.2.1/thumb/v7e-m+fp/hard/crtbegin.o
__dso_handle                                      C:/programms/Tools/xpack-arm-none-eabi-gcc-13.2.1-1.1/bin/../lib/gcc/arm-none-eabi/13.2.1/thumb/v7e-m+fp/hard/crtbegin.o
__env                                             build_F429ZI/syscalls.o
__errno                                           C:/programms/Tools/xpack-arm-none-eabi-gcc-13.2.1-1.1/bin/../lib/gcc/arm-none-eabi/13.2.1/../../../../arm-none-eabi/lib/thumb/v7e-m+fp/hard\libc_nano.a(libc_a-errno.o)
                                                  build_F429ZI/sysmem.o
                                                  build_F429ZI/syscalls.o
__fini_array_end                                  C:/programms/Tools/xpack-arm-none-eabi-gcc-13.2.1-1.1/bin/../lib/gcc/arm-none-eabi/13.2.1/../../../../arm-none-eabi/lib/thumb/v7e-m+fp/hard\libc_nano.a(libc_a-fini.o)
__fini_array_start                                C:/programms/Tools/xpack-arm-none-eabi-gcc-13.2.1-1.1/bin/../lib/gcc/arm-none-eabi/13.2.1/../../../../arm-none-eabi/lib/thumb/v7e-m+fp/hard\libc_nano.a(libc_a-fini.o)
__fp_lock_all                                     C:/programms/Tools/xpack-arm-none-eabi-gcc-13.2.1-1.1/bin/../lib/gcc/arm-none-eabi/13.2.1/../../../../arm-none-eabi/lib/thumb/v7e-m+fp/hard\libc_nano.a(libc_a-findfp.o)
__fp_unlock_all                                   C:/programms/Tools/xpack-arm-none-eabi-gcc-13.2.1-1.1/bin/../lib/gcc/arm-none-eabi/13.2.1/../../../../arm-none-eabi/lib/thumb/v7e-m+fp/hard\libc_nano.a(libc_a-findfp.o)
__init_array_end                                  C:/programms/Tools/xpack-arm-none-eabi-gcc-13.2.1-1.1/bin/../lib/gcc/arm-none-eabi/13.2.1/../../../../arm-none-eabi/lib/thumb/v7e-m+fp/hard\libc_nano.a(libc_a-init.o)
__init_array_start                                C:/programms/Tools/xpack-arm-none-eabi-gcc-13.2.1-1.1/bin/../lib/gcc/arm-none-eabi/13.2.1/../../../../arm-none-eabi/lib/thumb/v7e-m+fp/hard\libc_nano.a(libc_a-init.o)
__io_getchar                                      build_F429ZI/syscalls.o
__io_putchar                                      build_F429ZI/syscalls.o
__libc_fini_array                                 C:/programms/Tools/xpack-arm-none-eabi-gcc-13.2.1-1.1/bin/../lib/gcc/arm-none-eabi/13.2.1/../../../../arm-none-eabi/lib/thumb/v7e-m+fp/hard\libc_nano.a(libc_a-fini.o)
                                                  C:/programms/Tools/xpack-arm-none-eabi-gcc-13.2.1-1.1/bin/../lib/gcc/arm-none-eabi/13.2.1/../../../../arm-none-eabi/lib/thumb/v7e-m+fp/hard/crt0.o
__libc_init_array                                 C:/programms/Tools/xpack-arm-none-eabi-gcc-13.2.1-1.1/bin/../lib/gcc/arm-none-eabi/13.2.1/../../../../arm-none-eabi/lib/thumb/v7e-m+fp/hard\libc_nano.a(libc_a-init.o)
                                                  build_F429ZI/startup_stm32f429xx.o
                                                  C:/programms/Tools/xpack-arm-none-eabi-gcc-13.2.1-1.1/bin/../lib/gcc/arm-none-eabi/13.2.1/../../../../arm-none-eabi/lib/thumb/v7e-m+fp/hard/crt0.o
__lock___arc4random_mutex                         C:/programms/Tools/xpack-arm-none-eabi-gcc-13.2.1-1.1/bin/../lib/gcc/arm-none-eabi/13.2.1/../../../../arm-none-eabi/lib/thumb/v7e-m+fp/hard\libc_nano.a(libc_a-lock.o)
__lock___at_quick_exit_mutex                      C:/programms/Tools/xpack-arm-none-eabi-gcc-13.2.1-1.1/bin/../lib/gcc/arm-none-eabi/13.2.1/../../../../arm-none-eabi/lib/thumb/v7e-m+fp/hard\libc_nano.a(libc_a-lock.o)
__lock___atexit_recursive_mutex                   C:/programms/Tools/xpack-arm-none-eabi-gcc-13.2.1-1.1/bin/../lib/gcc/arm-none-eabi/13.2.1/../../../../arm-none-eabi/lib/thumb/v7e-m+fp/hard\libc_nano.a(libc_a-lock.o)
                                                  C:/programms/Tools/xpack-arm-none-eabi-gcc-13.2.1-1.1/bin/../lib/gcc/arm-none-eabi/13.2.1/../../../../arm-none-eabi/lib/thumb/v7e-m+fp/hard\libc_nano.a(libc_a-__call_atexit.o)
__lock___dd_hash_mutex                            C:/programms/Tools/xpack-arm-none-eabi-gcc-13.2.1-1.1/bin/../lib/gcc/arm-none-eabi/13.2.1/../../../../arm-none-eabi/lib/thumb/v7e-m+fp/hard\libc_nano.a(libc_a-lock.o)
__lock___env_recursive_mutex                      C:/programms/Tools/xpack-arm-none-eabi-gcc-13.2.1-1.1/bin/../lib/gcc/arm-none-eabi/13.2.1/../../../../arm-none-eabi/lib/thumb/v7e-m+fp/hard\libc_nano.a(libc_a-lock.o)
__lock___malloc_recursive_mutex                   C:/programms/Tools/xpack-arm-none-eabi-gcc-13.2.1-1.1/bin/../lib/gcc/arm-none-eabi/13.2.1/../../../../arm-none-eabi/lib/thumb/v7e-m+fp/hard\libc_nano.a(libc_a-lock.o)
                                                  C:/programms/Tools/xpack-arm-none-eabi-gcc-13.2.1-1.1/bin/../lib/gcc/arm-none-eabi/13.2.1/../../../../arm-none-eabi/lib/thumb/v7e-m+fp/hard\libc_nano.a(libc_a-mlock.o)
__lock___sfp_recursive_mutex                      C:/programms/Tools/xpack-arm-none-eabi-gcc-13.2.1-1.1/bin/../lib/gcc/arm-none-eabi/13.2.1/../../../../arm-none-eabi/lib/thumb/v7e-m+fp/hard\libc_nano.a(libc_a-lock.o)
                                                  C:/programms/Tools/xpack-arm-none-eabi-gcc-13.2.1-1.1/bin/../lib/gcc/arm-none-eabi/13.2.1/../../../../arm-none-eabi/lib/thumb/v7e-m+fp/hard\libc_nano.a(libc_a-findfp.o)
__lock___tz_mutex                                 C:/programms/Tools/xpack-arm-none-eabi-gcc-13.2.1-1.1/bin/../lib/gcc/arm-none-eabi/13.2.1/../../../../arm-none-eabi/lib/thumb/v7e-m+fp/hard\libc_nano.a(libc_a-lock.o)
__malloc_free_list                                C:/programms/Tools/xpack-arm-none-eabi-gcc-13.2.1-1.1/bin/../lib/gcc/arm-none-eabi/13.2.1/../../../../arm-none-eabi/lib/thumb/v7e-m+fp/hard\libc_nano.a(libc_a-mallocr.o)
                                                  C:/programms/Tools/xpack-arm-none-eabi-gcc-13.2.1-1.1/bin/../lib/gcc/arm-none-eabi/13.2.1/../../../../arm-none-eabi/lib/thumb/v7e-m+fp/hard\libc_nano.a(libc_a-freer.o)
__malloc_lock                                     C:/programms/Tools/xpack-arm-none-eabi-gcc-13.2.1-1.1/bin/../lib/gcc/arm-none-eabi/13.2.1/../../../../arm-none-eabi/lib/thumb/v7e-m+fp/hard\libc_nano.a(libc_a-mlock.o)
                                                  C:/programms/Tools/xpack-arm-none-eabi-gcc-13.2.1-1.1/bin/../lib/gcc/arm-none-eabi/13.2.1/../../../../arm-none-eabi/lib/thumb/v7e-m+fp/hard\libc_nano.a(libc_a-mallocr.o)
                                                  C:/programms/Tools/xpack-arm-none-eabi-gcc-13.2.1-1.1/bin/../lib/gcc/arm-none-eabi/13.2.1/../../../../arm-none-eabi/lib/thumb/v7e-m+fp/hard\libc_nano.a(libc_a-freer.o)
__malloc_sbrk_start                               C:/programms/Tools/xpack-arm-none-eabi-gcc-13.2.1-1.1/bin/../lib/gcc/arm-none-eabi/13.2.1/../../../../arm-none-eabi/lib/thumb/v7e-m+fp/hard\libc_nano.a(libc_a-mallocr.o)
__malloc_unlock                                   C:/programms/Tools/xpack-arm-none-eabi-gcc-13.2.1-1.1/bin/../lib/gcc/arm-none-eabi/13.2.1/../../../../arm-none-eabi/lib/thumb/v7e-m+fp/hard\libc_nano.a(libc_a-mlock.o)
                                                  C:/programms/Tools/xpack-arm-none-eabi-gcc-13.2.1-1.1/bin/../lib/gcc/arm-none-eabi/13.2.1/../../../../arm-none-eabi/lib/thumb/v7e-m+fp/hard\libc_nano.a(libc_a-mallocr.o)
                                                  C:/programms/Tools/xpack-arm-none-eabi-gcc-13.2.1-1.1/bin/../lib/gcc/arm-none-eabi/13.2.1/../../../../arm-none-eabi/lib/thumb/v7e-m+fp/hard\libc_nano.a(libc_a-freer.o)
__on_exit_args                                    C:/programms/Tools/xpack-arm-none-eabi-gcc-13.2.1-1.1/bin/../lib/gcc/arm-none-eabi/13.2.1/../../../../arm-none-eabi/lib/thumb/v7e-m+fp/hard\libc_nano.a(libc_a-__atexit.o)
__preinit_array_end                               C:/programms/Tools/xpack-arm-none-eabi-gcc-13.2.1-1.1/bin/../lib/gcc/arm-none-eabi/13.2.1/../../../../arm-none-eabi/lib/thumb/v7e-m+fp/hard\libc_nano.a(libc_a-init.o)
__preinit_array_start                             C:/programms/Tools/xpack-arm-none-eabi-gcc-13.2.1-1.1/bin/../lib/gcc/arm-none-eabi/13.2.1/../../../../arm-none-eabi/lib/thumb/v7e-m+fp/hard\libc_nano.a(libc_a-init.o)
__register_exitproc                               C:/programms/Tools/xpack-arm-none-eabi-gcc-13.2.1-1.1/bin/../lib/gcc/arm-none-eabi/13.2.1/../../../../arm-none-eabi/lib/thumb/v7e-m+fp/hard\libc_nano.a(libc_a-__atexit.o)
                                                  C:/programms/Tools/xpack-arm-none-eabi-gcc-13.2.1-1.1/bin/../lib/gcc/arm-none-eabi/13.2.1/../../../../arm-none-eabi/lib/thumb/v7e-m+fp/hard\libc_nano.a(libc_a-atexit.o)
__register_frame_info                             C:/programms/Tools/xpack-arm-none-eabi-gcc-13.2.1-1.1/bin/../lib/gcc/arm-none-eabi/13.2.1/thumb/v7e-m+fp/hard/crtbegin.o
__retarget_lock_acquire                           C:/programms/Tools/xpack-arm-none-eabi-gcc-13.2.1-1.1/bin/../lib/gcc/arm-none-eabi/13.2.1/../../../../arm-none-eabi/lib/thumb/v7e-m+fp/hard\libc_nano.a(libc_a-lock.o)
__retarget_lock_acquire_recursive                 C:/programms/Tools/xpack-arm-none-eabi-gcc-13.2.1-1.1/bin/../lib/gcc/arm-none-eabi/13.2.1/../../../../arm-none-eabi/lib/thumb/v7e-m+fp/hard\libc_nano.a(libc_a-lock.o)
                                                  C:/programms/Tools/xpack-arm-none-eabi-gcc-13.2.1-1.1/bin/../lib/gcc/arm-none-eabi/13.2.1/../../../../arm-none-eabi/lib/thumb/v7e-m+fp/hard\libc_nano.a(libc_a-fflush.o)
                                                  C:/programms/Tools/xpack-arm-none-eabi-gcc-13.2.1-1.1/bin/../lib/gcc/arm-none-eabi/13.2.1/../../../../arm-none-eabi/lib/thumb/v7e-m+fp/hard\libc_nano.a(libc_a-mlock.o)
                                                  C:/programms/Tools/xpack-arm-none-eabi-gcc-13.2.1-1.1/bin/../lib/gcc/arm-none-eabi/13.2.1/../../../../arm-none-eabi/lib/thumb/v7e-m+fp/hard\libc_nano.a(libc_a-__call_atexit.o)
                                                  C:/programms/Tools/xpack-arm-none-eabi-gcc-13.2.1-1.1/bin/../lib/gcc/arm-none-eabi/13.2.1/../../../../arm-none-eabi/lib/thumb/v7e-m+fp/hard\libc_nano.a(libc_a-__atexit.o)
                                                  C:/programms/Tools/xpack-arm-none-eabi-gcc-13.2.1-1.1/bin/../lib/gcc/arm-none-eabi/13.2.1/../../../../arm-none-eabi/lib/thumb/v7e-m+fp/hard\libc_nano.a(libc_a-findfp.o)
__retarget_lock_close                             C:/programms/Tools/xpack-arm-none-eabi-gcc-13.2.1-1.1/bin/../lib/gcc/arm-none-eabi/13.2.1/../../../../arm-none-eabi/lib/thumb/v7e-m+fp/hard\libc_nano.a(libc_a-lock.o)
__retarget_lock_close_recursive                   C:/programms/Tools/xpack-arm-none-eabi-gcc-13.2.1-1.1/bin/../lib/gcc/arm-none-eabi/13.2.1/../../../../arm-none-eabi/lib/thumb/v7e-m+fp/hard\libc_nano.a(libc_a-lock.o)
__retarget_lock_init                              C:/programms/Tools/xpack-arm-none-eabi-gcc-13.2.1-1.1/bin/../lib/gcc/arm-none-eabi/13.2.1/../../../../arm-none-eabi/lib/thumb/v7e-m+fp/hard\libc_nano.a(libc_a-lock.o)
__retarget_lock_init_recursive                    C:/programms/Tools/xpack-arm-none-eabi-gcc-13.2.1-1.1/bin/../lib/gcc/arm-none-eabi/13.2.1/../../../../arm-none-eabi/lib/thumb/v7e-m+fp/hard\libc_nano.a(libc_a-lock.o)
                                                  C:/programms/Tools/xpack-arm-none-eabi-gcc-13.2.1-1.1/bin/../lib/gcc/arm-none-eabi/13.2.1/../../../../arm-none-eabi/lib/thumb/v7e-m+fp/hard\libc_nano.a(libc_a-findfp.o)
__retarget_lock_release                           C:/programms/Tools/xpack-arm-none-eabi-gcc-13.2.1-1.1/bin/../lib/gcc/arm-none-eabi/13.2.1/../../../../arm-none-eabi/lib/thumb/v7e-m+fp/hard\libc_nano.a(libc_a-lock.o)
__retarget_lock_release_recursive                 C:/programms/Tools/xpack-arm-none-eabi-gcc-13.2.1-1.1/bin/../lib/gcc/arm-none-eabi/13.2.1/../../../../arm-none-eabi/lib/thumb/v7e-m+fp/hard\libc_nano.a(libc_a-lock.o)
                                                  C:/programms/Tools/xpack-arm-none-eabi-gcc-13.2.1-1.1/bin/../lib/gcc/arm-none-eabi/13.2.1/../../../../arm-none-eabi/lib/thumb/v7e-m+fp/hard\libc_nano.a(libc_a-fflush.o)
                                                  C:/programms/Tools/xpack-arm-none-eabi-gcc-13.2.1-1.1/bin/../lib/gcc/arm-none-eabi/13.2.1/../../../../arm-none-eabi/lib/thumb/v7e-m+fp/hard\libc_nano.a(libc_a-mlock.o)
                                                  C:/programms/Tools/xpack-arm-none-eabi-gcc-13.2.1-1.1/bin/../lib/gcc/arm-none-eabi/13.2.1/../../../../arm-none-eabi/lib/thumb/v7e-m+fp/hard\libc_nano.a(libc_a-__call_atexit.o)
                                                  C:/programms/Tools/xpack-arm-none-eabi-gcc-13.2.1-1.1/bin/../lib/gcc/arm-none-eabi/13.2.1/../../../../arm-none-eabi/lib/thumb/v7e-m+fp/hard\libc_nano.a(libc_a-__atexit.o)
                                                  C:/programms/Tools/xpack-arm-none-eabi-gcc-13.2.1-1.1/bin/../lib/gcc/arm-none-eabi/13.2.1/../../../../arm-none-eabi/lib/thumb/v7e-m+fp/hard\libc_nano.a(libc_a-findfp.o)
__retarget_lock_try_acquire                       C:/programms/Tools/xpack-arm-none-eabi-gcc-13.2.1-1.1/bin/../lib/gcc/arm-none-eabi/13.2.1/../../../../arm-none-eabi/lib/thumb/v7e-m+fp/hard\libc_nano.a(libc_a-lock.o)
__retarget_lock_try_acquire_recursive             C:/programms/Tools/xpack-arm-none-eabi-gcc-13.2.1-1.1/bin/../lib/gcc/arm-none-eabi/13.2.1/../../../../arm-none-eabi/lib/thumb/v7e-m+fp/hard\libc_nano.a(libc_a-lock.o)
__sclose                                          C:/programms/Tools/xpack-arm-none-eabi-gcc-13.2.1-1.1/bin/../lib/gcc/arm-none-eabi/13.2.1/../../../../arm-none-eabi/lib/thumb/v7e-m+fp/hard\libc_nano.a(libc_a-stdio.o)
                                                  C:/programms/Tools/xpack-arm-none-eabi-gcc-13.2.1-1.1/bin/../lib/gcc/arm-none-eabi/13.2.1/../../../../arm-none-eabi/lib/thumb/v7e-m+fp/hard\libc_nano.a(libc_a-findfp.o)
__seofread                                        C:/programms/Tools/xpack-arm-none-eabi-gcc-13.2.1-1.1/bin/../lib/gcc/arm-none-eabi/13.2.1/../../../../arm-none-eabi/lib/thumb/v7e-m+fp/hard\libc_nano.a(libc_a-stdio.o)
__sf                                              C:/programms/Tools/xpack-arm-none-eabi-gcc-13.2.1-1.1/bin/../lib/gcc/arm-none-eabi/13.2.1/../../../../arm-none-eabi/lib/thumb/v7e-m+fp/hard\libc_nano.a(libc_a-findfp.o)
                                                  C:/programms/Tools/xpack-arm-none-eabi-gcc-13.2.1-1.1/bin/../lib/gcc/arm-none-eabi/13.2.1/../../../../arm-none-eabi/lib/thumb/v7e-m+fp/hard\libc_nano.a(libc_a-impure.o)
__sflush_r                                        C:/programms/Tools/xpack-arm-none-eabi-gcc-13.2.1-1.1/bin/../lib/gcc/arm-none-eabi/13.2.1/../../../../arm-none-eabi/lib/thumb/v7e-m+fp/hard\libc_nano.a(libc_a-fflush.o)
__sfp                                             C:/programms/Tools/xpack-arm-none-eabi-gcc-13.2.1-1.1/bin/../lib/gcc/arm-none-eabi/13.2.1/../../../../arm-none-eabi/lib/thumb/v7e-m+fp/hard\libc_nano.a(libc_a-findfp.o)
__sfp_lock_acquire                                C:/programms/Tools/xpack-arm-none-eabi-gcc-13.2.1-1.1/bin/../lib/gcc/arm-none-eabi/13.2.1/../../../../arm-none-eabi/lib/thumb/v7e-m+fp/hard\libc_nano.a(libc_a-findfp.o)
__sfp_lock_release                                C:/programms/Tools/xpack-arm-none-eabi-gcc-13.2.1-1.1/bin/../lib/gcc/arm-none-eabi/13.2.1/../../../../arm-none-eabi/lib/thumb/v7e-m+fp/hard\libc_nano.a(libc_a-findfp.o)
__sglue                                           C:/programms/Tools/xpack-arm-none-eabi-gcc-13.2.1-1.1/bin/../lib/gcc/arm-none-eabi/13.2.1/../../../../arm-none-eabi/lib/thumb/v7e-m+fp/hard\libc_nano.a(libc_a-findfp.o)
                                                  C:/programms/Tools/xpack-arm-none-eabi-gcc-13.2.1-1.1/bin/../lib/gcc/arm-none-eabi/13.2.1/../../../../arm-none-eabi/lib/thumb/v7e-m+fp/hard\libc_nano.a(libc_a-fflush.o)
__sinit                                           C:/programms/Tools/xpack-arm-none-eabi-gcc-13.2.1-1.1/bin/../lib/gcc/arm-none-eabi/13.2.1/../../../../arm-none-eabi/lib/thumb/v7e-m+fp/hard\libc_nano.a(libc_a-findfp.o)
                                                  C:/programms/Tools/xpack-arm-none-eabi-gcc-13.2.1-1.1/bin/../lib/gcc/arm-none-eabi/13.2.1/../../../../arm-none-eabi/lib/thumb/v7e-m+fp/hard\libc_nano.a(libc_a-fflush.o)
__sread                                           C:/programms/Tools/xpack-arm-none-eabi-gcc-13.2.1-1.1/bin/../lib/gcc/arm-none-eabi/13.2.1/../../../../arm-none-eabi/lib/thumb/v7e-m+fp/hard\libc_nano.a(libc_a-stdio.o)
                                                  C:/programms/Tools/xpack-arm-none-eabi-gcc-13.2.1-1.1/bin/../lib/gcc/arm-none-eabi/13.2.1/../../../../arm-none-eabi/lib/thumb/v7e-m+fp/hard\libc_nano.a(libc_a-findfp.o)
__sseek                                           C:/programms/Tools/xpack-arm-none-eabi-gcc-13.2.1-1.1/bin/../lib/gcc/arm-none-eabi/13.2.1/../../../../arm-none-eabi/lib/thumb/v7e-m+fp/hard\libc_nano.a(libc_a-stdio.o)
                                                  C:/programms/Tools/xpack-arm-none-eabi-gcc-13.2.1-1.1/bin/../lib/gcc/arm-none-eabi/13.2.1/../../../../arm-none-eabi/lib/thumb/v7e-m+fp/hard\libc_nano.a(libc_a-findfp.o)
__stack                                           C:/programms/Tools/xpack-arm-none-eabi-gcc-13.2.1-1.1/bin/../lib/gcc/arm-none-eabi/13.2.1/../../../../arm-none-eabi/lib/thumb/v7e-m+fp/hard/crt0.o
__stdio_exit_handler                              C:/programms/Tools/xpack-arm-none-eabi-gcc-13.2.1-1.1/bin/../lib/gcc/arm-none-eabi/13.2.1/../../../../arm-none-eabi/lib/thumb/v7e-m+fp/hard\libc_nano.a(libc_a-findfp.o)
                                                  C:/programms/Tools/xpack-arm-none-eabi-gcc-13.2.1-1.1/bin/../lib/gcc/arm-none-eabi/13.2.1/../../../../arm-none-eabi/lib/thumb/v7e-m+fp/hard\libc_nano.a(libc_a-exit.o)
__swrite                                          C:/programms/Tools/xpack-arm-none-eabi-gcc-13.2.1-1.1/bin/../lib/gcc/arm-none-eabi/13.2.1/../../../../arm-none-eabi/lib/thumb/v7e-m+fp/hard\libc_nano.a(libc_a-stdio.o)
                                                  C:/programms/Tools/xpack-arm-none-eabi-gcc-13.2.1-1.1/bin/../lib/gcc/arm-none-eabi/13.2.1/../../../../arm-none-eabi/lib/thumb/v7e-m+fp/hard\libc_nano.a(libc_a-findfp.o)
_close                                            build_F429ZI/syscalls.o
                                                  C:/programms/Tools/xpack-arm-none-eabi-gcc-13.2.1-1.1/bin/../lib/gcc/arm-none-eabi/13.2.1/../../../../arm-none-eabi/lib/thumb/v7e-m+fp/hard\libc_nano.a(libc_a-closer.o)
_close_r                                          C:/programms/Tools/xpack-arm-none-eabi-gcc-13.2.1-1.1/bin/../lib/gcc/arm-none-eabi/13.2.1/../../../../arm-none-eabi/lib/thumb/v7e-m+fp/hard\libc_nano.a(libc_a-closer.o)
                                                  C:/programms/Tools/xpack-arm-none-eabi-gcc-13.2.1-1.1/bin/../lib/gcc/arm-none-eabi/13.2.1/../../../../arm-none-eabi/lib/thumb/v7e-m+fp/hard\libc_nano.a(libc_a-stdio.o)
_ebss                                             build_F429ZI/startup_stm32f429xx.o
_edata                                            build_F429ZI/startup_stm32f429xx.o
_end                                              build_F429ZI/sysmem.o
_estack                                           build_F429ZI/startup_stm32f429xx.o
                                                  build_F429ZI/sysmem.o
_execve                                           build_F429ZI/syscalls.o
_exit                                             build_F429ZI/syscalls.o
                                                  C:/programms/Tools/xpack-arm-none-eabi-gcc-13.2.1-1.1/bin/../lib/gcc/arm-none-eabi/13.2.1/../../../../arm-none-eabi/lib/thumb/v7e-m+fp/hard\libc_nano.a(libc_a-exit.o)
_fflush_r                                         C:/programms/Tools/xpack-arm-none-eabi-gcc-13.2.1-1.1/bin/../lib/gcc/arm-none-eabi/13.2.1/../../../../arm-none-eabi/lib/thumb/v7e-m+fp/hard\libc_nano.a(libc_a-fflush.o)
                                                  C:/programms/Tools/xpack-arm-none-eabi-gcc-13.2.1-1.1/bin/../lib/gcc/arm-none-eabi/13.2.1/../../../../arm-none-eabi/lib/thumb/v7e-m+fp/hard\libc_nano.a(libc_a-findfp.o)
_fini                                             C:/programms/Tools/xpack-arm-none-eabi-gcc-13.2.1-1.1/bin/../lib/gcc/arm-none-eabi/13.2.1/thumb/v7e-m+fp/hard/crti.o
                                                  C:/programms/Tools/xpack-arm-none-eabi-gcc-13.2.1-1.1/bin/../lib/gcc/arm-none-eabi/13.2.1/../../../../arm-none-eabi/lib/thumb/v7e-m+fp/hard\libc_nano.a(libc_a-fini.o)
_fork                                             build_F429ZI/syscalls.o
_free_r                                           C:/programms/Tools/xpack-arm-none-eabi-gcc-13.2.1-1.1/bin/../lib/gcc/arm-none-eabi/13.2.1/../../../../arm-none-eabi/lib/thumb/v7e-m+fp/hard\libc_nano.a(libc_a-freer.o)
                                                  C:/programms/Tools/xpack-arm-none-eabi-gcc-13.2.1-1.1/bin/../lib/gcc/arm-none-eabi/13.2.1/../../../../arm-none-eabi/lib/thumb/v7e-m+fp/hard\libc_nano.a(libc_a-fflush.o)
                                                  C:/programms/Tools/xpack-arm-none-eabi-gcc-13.2.1-1.1/bin/../lib/gcc/arm-none-eabi/13.2.1/../../../../arm-none-eabi/lib/thumb/v7e-m+fp/hard\libc_nano.a(libc_a-reent.o)
_fstat                                            build_F429ZI/syscalls.o
_fwalk_sglue                                      C:/programms/Tools/xpack-arm-none-eabi-gcc-13.2.1-1.1/bin/../lib/gcc/arm-none-eabi/13.2.1/../../../../arm-none-eabi/lib/thumb/v7e-m+fp/hard\libc_nano.a(libc_a-fwalk.o)
                                                  C:/programms/Tools/xpack-arm-none-eabi-gcc-13.2.1-1.1/bin/../lib/gcc/arm-none-eabi/13.2.1/../../../../arm-none-eabi/lib/thumb/v7e-m+fp/hard\libc_nano.a(libc_a-fflush.o)
                                                  C:/programms/Tools/xpack-arm-none-eabi-gcc-13.2.1-1.1/bin/../lib/gcc/arm-none-eabi/13.2.1/../../../../arm-none-eabi/lib/thumb/v7e-m+fp/hard\libc_nano.a(libc_a-findfp.o)
_getpid                                           build_F429ZI/syscalls.o
_impure_data                                      C:/programms/Tools/xpack-arm-none-eabi-gcc-13.2.1-1.1/bin/../lib/gcc/arm-none-eabi/13.2.1/../../../../arm-none-eabi/lib/thumb/v7e-m+fp/hard\libc_nano.a(libc_a-impure.o)
                                                  C:/programms/Tools/xpack-arm-none-eabi-gcc-13.2.1-1.1/bin/../lib/gcc/arm-none-eabi/13.2.1/../../../../arm-none-eabi/lib/thumb/v7e-m+fp/hard\libc_nano.a(libc_a-fflush.o)
                                                  C:/programms/Tools/xpack-arm-none-eabi-gcc-13.2.1-1.1/bin/../lib/gcc/arm-none-eabi/13.2.1/../../../../arm-none-eabi/lib/thumb/v7e-m+fp/hard\libc_nano.a(libc_a-findfp.o)
_impure_ptr                                       C:/programms/Tools/xpack-arm-none-eabi-gcc-13.2.1-1.1/bin/../lib/gcc/arm-none-eabi/13.2.1/../../../../arm-none-eabi/lib/thumb/v7e-m+fp/hard\libc_nano.a(libc_a-impure.o)
                                                  C:/programms/Tools/xpack-arm-none-eabi-gcc-13.2.1-1.1/bin/../lib/gcc/arm-none-eabi/13.2.1/../../../../arm-none-eabi/lib/thumb/v7e-m+fp/hard\libc_nano.a(libc_a-fflush.o)
                                                  C:/programms/Tools/xpack-arm-none-eabi-gcc-13.2.1-1.1/bin/../lib/gcc/arm-none-eabi/13.2.1/../../../../arm-none-eabi/lib/thumb/v7e-m+fp/hard\libc_nano.a(libc_a-errno.o)
                                                  C:/programms/Tools/xpack-arm-none-eabi-gcc-13.2.1-1.1/bin/../lib/gcc/arm-none-eabi/13.2.1/../../../../arm-none-eabi/lib/thumb/v7e-m+fp/hard\libc_nano.a(libc_a-reent.o)
_init                                             C:/programms/Tools/xpack-arm-none-eabi-gcc-13.2.1-1.1/bin/../lib/gcc/arm-none-eabi/13.2.1/thumb/v7e-m+fp/hard/crti.o
                                                  C:/programms/Tools/xpack-arm-none-eabi-gcc-13.2.1-1.1/bin/../lib/gcc/arm-none-eabi/13.2.1/../../../../arm-none-eabi/lib/thumb/v7e-m+fp/hard\libc_nano.a(libc_a-init.o)
_isatty                                           build_F429ZI/syscalls.o
_kill                                             build_F429ZI/syscalls.o
_link                                             build_F429ZI/syscalls.o
_lseek                                            build_F429ZI/syscalls.o
                                                  C:/programms/Tools/xpack-arm-none-eabi-gcc-13.2.1-1.1/bin/../lib/gcc/arm-none-eabi/13.2.1/../../../../arm-none-eabi/lib/thumb/v7e-m+fp/hard\libc_nano.a(libc_a-lseekr.o)
_lseek_r                                          C:/programms/Tools/xpack-arm-none-eabi-gcc-13.2.1-1.1/bin/../lib/gcc/arm-none-eabi/13.2.1/../../../../arm-none-eabi/lib/thumb/v7e-m+fp/hard\libc_nano.a(libc_a-lseekr.o)
                                                  C:/programms/Tools/xpack-arm-none-eabi-gcc-13.2.1-1.1/bin/../lib/gcc/arm-none-eabi/13.2.1/../../../../arm-none-eabi/lib/thumb/v7e-m+fp/hard\libc_nano.a(libc_a-stdio.o)
_mainCRTStartup                                   C:/programms/Tools/xpack-arm-none-eabi-gcc-13.2.1-1.1/bin/../lib/gcc/arm-none-eabi/13.2.1/../../../../arm-none-eabi/lib/thumb/v7e-m+fp/hard/crt0.o
_malloc_r                                         C:/programms/Tools/xpack-arm-none-eabi-gcc-13.2.1-1.1/bin/../lib/gcc/arm-none-eabi/13.2.1/../../../../arm-none-eabi/lib/thumb/v7e-m+fp/hard\libc_nano.a(libc_a-mallocr.o)
                                                  C:/programms/Tools/xpack-arm-none-eabi-gcc-13.2.1-1.1/bin/../lib/gcc/arm-none-eabi/13.2.1/../../../../arm-none-eabi/lib/thumb/v7e-m+fp/hard\libc_nano.a(libc_a-findfp.o)
_open                                             build_F429ZI/syscalls.o
_read                                             build_F429ZI/syscalls.o
                                                  C:/programms/Tools/xpack-arm-none-eabi-gcc-13.2.1-1.1/bin/../lib/gcc/arm-none-eabi/13.2.1/../../../../arm-none-eabi/lib/thumb/v7e-m+fp/hard\libc_nano.a(libc_a-readr.o)
_read_r                                           C:/programms/Tools/xpack-arm-none-eabi-gcc-13.2.1-1.1/bin/../lib/gcc/arm-none-eabi/13.2.1/../../../../arm-none-eabi/lib/thumb/v7e-m+fp/hard\libc_nano.a(libc_a-readr.o)
                                                  C:/programms/Tools/xpack-arm-none-eabi-gcc-13.2.1-1.1/bin/../lib/gcc/arm-none-eabi/13.2.1/../../../../arm-none-eabi/lib/thumb/v7e-m+fp/hard\libc_nano.a(libc_a-stdio.o)
_reclaim_reent                                    C:/programms/Tools/xpack-arm-none-eabi-gcc-13.2.1-1.1/bin/../lib/gcc/arm-none-eabi/13.2.1/../../../../arm-none-eabi/lib/thumb/v7e-m+fp/hard\libc_nano.a(libc_a-reent.o)
_sbrk                                             build_F429ZI/sysmem.o
                                                  C:/programms/Tools/xpack-arm-none-eabi-gcc-13.2.1-1.1/bin/../lib/gcc/arm-none-eabi/13.2.1/../../../../arm-none-eabi/lib/thumb/v7e-m+fp/hard\libc_nano.a(libc_a-sbrkr.o)
_sbrk_r                                           C:/programms/Tools/xpack-arm-none-eabi-gcc-13.2.1-1.1/bin/../lib/gcc/arm-none-eabi/13.2.1/../../../../arm-none-eabi/lib/thumb/v7e-m+fp/hard\libc_nano.a(libc_a-sbrkr.o)
                                                  C:/programms/Tools/xpack-arm-none-eabi-gcc-13.2.1-1.1/bin/../lib/gcc/arm-none-eabi/13.2.1/../../../../arm-none-eabi/lib/thumb/v7e-m+fp/hard\libc_nano.a(libc_a-mallocr.o)
_sbss                                             build_F429ZI/startup_stm32f429xx.o
_sdata                                            build_F429ZI/startup_stm32f429xx.o
_sidata                                           build_F429ZI/startup_stm32f429xx.o
_stack_init                                       C:/programms/Tools/xpack-arm-none-eabi-gcc-13.2.1-1.1/bin/../lib/gcc/arm-none-eabi/13.2.1/../../../../arm-none-eabi/lib/thumb/v7e-m+fp/hard/crt0.o
_start                                            C:/programms/Tools/xpack-arm-none-eabi-gcc-13.2.1-1.1/bin/../lib/gcc/arm-none-eabi/13.2.1/../../../../arm-none-eabi/lib/thumb/v7e-m+fp/hard/crt0.o
_stat                                             build_F429ZI/syscalls.o
_times                                            build_F429ZI/syscalls.o
_unlink                                           build_F429ZI/syscalls.o
_wait                                             build_F429ZI/syscalls.o
_write                                            build_F429ZI/syscalls.o
                                                  C:/programms/Tools/xpack-arm-none-eabi-gcc-13.2.1-1.1/bin/../lib/gcc/arm-none-eabi/13.2.1/../../../../arm-none-eabi/lib/thumb/v7e-m+fp/hard\libc_nano.a(libc_a-writer.o)
_write_r                                          C:/programms/Tools/xpack-arm-none-eabi-gcc-13.2.1-1.1/bin/../lib/gcc/arm-none-eabi/13.2.1/../../../../arm-none-eabi/lib/thumb/v7e-m+fp/hard\libc_nano.a(libc_a-writer.o)
                                                  C:/programms/Tools/xpack-arm-none-eabi-gcc-13.2.1-1.1/bin/../lib/gcc/arm-none-eabi/13.2.1/../../../../arm-none-eabi/lib/thumb/v7e-m+fp/hard\libc_nano.a(libc_a-stdio.o)
atexit                                            C:/programms/Tools/xpack-arm-none-eabi-gcc-13.2.1-1.1/bin/../lib/gcc/arm-none-eabi/13.2.1/../../../../arm-none-eabi/lib/thumb/v7e-m+fp/hard\libc_nano.a(libc_a-atexit.o)
                                                  C:/programms/Tools/xpack-arm-none-eabi-gcc-13.2.1-1.1/bin/../lib/gcc/arm-none-eabi/13.2.1/../../../../arm-none-eabi/lib/thumb/v7e-m+fp/hard/crt0.o
btn2State                                         build_F429ZI/it_handlers.o
button2PressTime                                  build_F429ZI/it_handlers.o
button2_long_press_triggered                      build_F429ZI/it_handlers.o
changeFlickerFrequency                            build_F429ZI/main.o
environ                                           build_F429ZI/syscalls.o
errno                                             C:/programms/Tools/xpack-arm-none-eabi-gcc-13.2.1-1.1/bin/../lib/gcc/arm-none-eabi/13.2.1/../../../../arm-none-eabi/lib/thumb/v7e-m+fp/hard\libc_nano.a(libc_a-reent.o)
                                                  C:/programms/Tools/xpack-arm-none-eabi-gcc-13.2.1-1.1/bin/../lib/gcc/arm-none-eabi/13.2.1/../../../../arm-none-eabi/lib/thumb/v7e-m+fp/hard\libc_nano.a(libc_a-sbrkr.o)
                                                  C:/programms/Tools/xpack-arm-none-eabi-gcc-13.2.1-1.1/bin/../lib/gcc/arm-none-eabi/13.2.1/../../../../arm-none-eabi/lib/thumb/v7e-m+fp/hard\libc_nano.a(libc_a-writer.o)
                                                  C:/programms/Tools/xpack-arm-none-eabi-gcc-13.2.1-1.1/bin/../lib/gcc/arm-none-eabi/13.2.1/../../../../arm-none-eabi/lib/thumb/v7e-m+fp/hard\libc_nano.a(libc_a-readr.o)
                                                  C:/programms/Tools/xpack-arm-none-eabi-gcc-13.2.1-1.1/bin/../lib/gcc/arm-none-eabi/13.2.1/../../../../arm-none-eabi/lib/thumb/v7e-m+fp/hard\libc_nano.a(libc_a-lseekr.o)
                                                  C:/programms/Tools/xpack-arm-none-eabi-gcc-13.2.1-1.1/bin/../lib/gcc/arm-none-eabi/13.2.1/../../../../arm-none-eabi/lib/thumb/v7e-m+fp/hard\libc_nano.a(libc_a-closer.o)
exit                                              C:/programms/Tools/xpack-arm-none-eabi-gcc-13.2.1-1.1/bin/../lib/gcc/arm-none-eabi/13.2.1/../../../../arm-none-eabi/lib/thumb/v7e-m+fp/hard\libc_nano.a(libc_a-exit.o)
                                                  C:/programms/Tools/xpack-arm-none-eabi-gcc-13.2.1-1.1/bin/../lib/gcc/arm-none-eabi/13.2.1/../../../../arm-none-eabi/lib/thumb/v7e-m+fp/hard/crt0.o
fflush                                            C:/programms/Tools/xpack-arm-none-eabi-gcc-13.2.1-1.1/bin/../lib/gcc/arm-none-eabi/13.2.1/../../../../arm-none-eabi/lib/thumb/v7e-m+fp/hard\libc_nano.a(libc_a-fflush.o)
flickers                                          build_F429ZI/main.o
g_pfnVectors                                      build_F429ZI/startup_stm32f429xx.o
handleButton1                                     build_F429ZI/main.o
hardware_init_hook                                C:/programms/Tools/xpack-arm-none-eabi-gcc-13.2.1-1.1/bin/../lib/gcc/arm-none-eabi/13.2.1/../../../../arm-none-eabi/lib/thumb/v7e-m+fp/hard/crt0.o
holdTime                                          build_F429ZI/it_handlers.o
initialise_monitor_handles                        build_F429ZI/syscalls.o
main                                              build_F429ZI/main.o
                                                  build_F429ZI/startup_stm32f429xx.o
                                                  C:/programms/Tools/xpack-arm-none-eabi-gcc-13.2.1-1.1/bin/../lib/gcc/arm-none-eabi/13.2.1/../../../../arm-none-eabi/lib/thumb/v7e-m+fp/hard/crt0.o
malloc                                            C:/programms/Tools/xpack-arm-none-eabi-gcc-13.2.1-1.1/bin/../lib/gcc/arm-none-eabi/13.2.1/../../../../arm-none-eabi/lib/thumb/v7e-m+fp/hard\libc_nano.a(libc_a-__atexit.o)
memset                                            C:/programms/Tools/xpack-arm-none-eabi-gcc-13.2.1-1.1/bin/../lib/gcc/arm-none-eabi/13.2.1/../../../../arm-none-eabi/lib/thumb/v7e-m+fp/hard\libc_nano.a(libc_a-memset.o)
                                                  C:/programms/Tools/xpack-arm-none-eabi-gcc-13.2.1-1.1/bin/../lib/gcc/arm-none-eabi/13.2.1/../../../../arm-none-eabi/lib/thumb/v7e-m+fp/hard\libc_nano.a(libc_a-findfp.o)
                                                  C:/programms/Tools/xpack-arm-none-eabi-gcc-13.2.1-1.1/bin/../lib/gcc/arm-none-eabi/13.2.1/../../../../arm-none-eabi/lib/thumb/v7e-m+fp/hard/crt0.o
software_init_hook                                C:/programms/Tools/xpack-arm-none-eabi-gcc-13.2.1-1.1/bin/../lib/gcc/arm-none-eabi/13.2.1/../../../../arm-none-eabi/lib/thumb/v7e-m+fp/hard/crt0.o
